// Jest Snapshot v1, https://goo.gl/fbAQLP

exports[`matches snapshot 1`] = `
<div
  className="board-row"
>
  ReactWrapper {
    Symbol(enzyme.__unrendered__): <Square />,
    Symbol(enzyme.__renderer__): Object {
      "batchedUpdates": [Function],
      "getNode": [Function],
      "render": [Function],
      "simulateEvent": [Function],
      "unmount": [Function],
    },
    Symbol(enzyme.__root__): [Circular],
    Symbol(enzyme.__node__): Object {
      "instance": null,
      "key": undefined,
      "nodeType": "function",
      "props": Object {},
      "ref": null,
      "rendered": Object {
        "instance": <button
          class="square"
  />,
        "key": undefined,
        "nodeType": "host",
        "props": Object {
          "children": undefined,
          "className": "square",
          "onClick": undefined,
        },
        "ref": null,
        "rendered": Array [
          undefined,
        ],
        "type": "button",
      },
      "type": [Function],
    },
    Symbol(enzyme.__nodes__): Array [
      Object {
        "instance": null,
        "key": undefined,
        "nodeType": "function",
        "props": Object {},
        "ref": null,
        "rendered": Object {
          "instance": <button
            class="square"
  />,
          "key": undefined,
          "nodeType": "host",
          "props": Object {
            "children": undefined,
            "className": "square",
            "onClick": undefined,
          },
          "ref": null,
          "rendered": Array [
            undefined,
          ],
          "type": "button",
        },
        "type": [Function],
      },
    ],
    Symbol(enzyme.__options__): Object {
      "adapter": ReactSixteenAdapter {
        "options": Object {
          "enableComponentDidUpdateOnSetState": true,
          "lifecycles": Object {
            "componentDidUpdate": Object {
              "onSetState": true,
            },
            "getSnapshotBeforeUpdate": true,
          },
        },
      },
      "attachTo": undefined,
      "hydrateIn": undefined,
    },
  }
  ReactWrapper {
    Symbol(enzyme.__unrendered__): <Square />,
    Symbol(enzyme.__renderer__): Object {
      "batchedUpdates": [Function],
      "getNode": [Function],
      "render": [Function],
      "simulateEvent": [Function],
      "unmount": [Function],
    },
    Symbol(enzyme.__root__): [Circular],
    Symbol(enzyme.__node__): Object {
      "instance": null,
      "key": undefined,
      "nodeType": "function",
      "props": Object {},
      "ref": null,
      "rendered": Object {
        "instance": <button
          class="square"
  />,
        "key": undefined,
        "nodeType": "host",
        "props": Object {
          "children": undefined,
          "className": "square",
          "onClick": undefined,
        },
        "ref": null,
        "rendered": Array [
          undefined,
        ],
        "type": "button",
      },
      "type": [Function],
    },
    Symbol(enzyme.__nodes__): Array [
      Object {
        "instance": null,
        "key": undefined,
        "nodeType": "function",
        "props": Object {},
        "ref": null,
        "rendered": Object {
          "instance": <button
            class="square"
  />,
          "key": undefined,
          "nodeType": "host",
          "props": Object {
            "children": undefined,
            "className": "square",
            "onClick": undefined,
          },
          "ref": null,
          "rendered": Array [
            undefined,
          ],
          "type": "button",
        },
        "type": [Function],
      },
    ],
    Symbol(enzyme.__options__): Object {
      "adapter": ReactSixteenAdapter {
        "options": Object {
          "enableComponentDidUpdateOnSetState": true,
          "lifecycles": Object {
            "componentDidUpdate": Object {
              "onSetState": true,
            },
            "getSnapshotBeforeUpdate": true,
          },
        },
      },
      "attachTo": undefined,
      "hydrateIn": undefined,
    },
  }
  ReactWrapper {
    Symbol(enzyme.__unrendered__): <Square />,
    Symbol(enzyme.__renderer__): Object {
      "batchedUpdates": [Function],
      "getNode": [Function],
      "render": [Function],
      "simulateEvent": [Function],
      "unmount": [Function],
    },
    Symbol(enzyme.__root__): [Circular],
    Symbol(enzyme.__node__): Object {
      "instance": null,
      "key": undefined,
      "nodeType": "function",
      "props": Object {},
      "ref": null,
      "rendered": Object {
        "instance": <button
          class="square"
  />,
        "key": undefined,
        "nodeType": "host",
        "props": Object {
          "children": undefined,
          "className": "square",
          "onClick": undefined,
        },
        "ref": null,
        "rendered": Array [
          undefined,
        ],
        "type": "button",
      },
      "type": [Function],
    },
    Symbol(enzyme.__nodes__): Array [
      Object {
        "instance": null,
        "key": undefined,
        "nodeType": "function",
        "props": Object {},
        "ref": null,
        "rendered": Object {
          "instance": <button
            class="square"
  />,
          "key": undefined,
          "nodeType": "host",
          "props": Object {
            "children": undefined,
            "className": "square",
            "onClick": undefined,
          },
          "ref": null,
          "rendered": Array [
            undefined,
          ],
          "type": "button",
        },
        "type": [Function],
      },
    ],
    Symbol(enzyme.__options__): Object {
      "adapter": ReactSixteenAdapter {
        "options": Object {
          "enableComponentDidUpdateOnSetState": true,
          "lifecycles": Object {
            "componentDidUpdate": Object {
              "onSetState": true,
            },
            "getSnapshotBeforeUpdate": true,
          },
        },
      },
      "attachTo": undefined,
      "hydrateIn": undefined,
    },
  }
</div>
`;
